// Jest Snapshot v1, https://goo.gl/fbAQLP

exports[`renders correctly when there are no items 1`] = `
<button
  className="MuiButtonBase-root MuiButton-root MuiButton-outlined MuiButton-outlinedSecondary"
  disabled={false}
  onBlur={[Function]}
  onClick={[MockFunction]}
  onDragLeave={[Function]}
  onFocus={[Function]}
  onKeyDown={[Function]}
  onKeyUp={[Function]}
  onMouseDown={[Function]}
  onMouseLeave={[Function]}
  onMouseUp={[Function]}
  onTouchEnd={[Function]}
  onTouchMove={[Function]}
  onTouchStart={[Function]}
  tabIndex={0}
  type="button"
>
  <span
    className="MuiButton-label"
  >
    <svg
      aria-hidden="true"
      className="MuiSvgIcon-root MuiSvgIcon-root"
      focusable="false"
      viewBox="0 0 24 24"
    />
  </span>
</button>
`;
