// Jest Snapshot v1, https://goo.gl/fbAQLP

exports[`renders correctly when there are no items 1`] = `
<div
  className="MuiPaper-root MuiTableContainer-root makeStyles-table-1 MuiPaper-elevation1 MuiPaper-rounded"
>
  <div
    aria-valuenow={100}
    className="MuiLinearProgress-root MuiLinearProgress-colorSecondary MuiLinearProgress-determinate"
    role="progressbar"
  >
    <div
      className="MuiLinearProgress-bar MuiLinearProgress-barColorSecondary MuiLinearProgress-bar1Determinate"
      style={
        Object {
          "transform": "translateX(0%)",
        }
      }
    />
  </div>
  <table
    className="MuiTable-root MuiTable-stickyHeader"
    role={null}
  >
    <thead
      className="MuiTableHead-root"
      role={null}
    >
      <tr
        className="MuiTableRow-root MuiTableRow-head"
        role={null}
      >
        <th
          aria-sort={null}
          className="MuiTableCell-root MuiTableCell-head MuiTableCell-stickyHeader"
          scope="col"
        >
          LeftNumber
        </th>
        <th
          aria-sort={null}
          className="MuiTableCell-root MuiTableCell-head MuiTableCell-stickyHeader"
          scope="col"
        >
          Operation
        </th>
        <th
          aria-sort={null}
          className="MuiTableCell-root MuiTableCell-head MuiTableCell-stickyHeader"
          scope="col"
        >
          RightNumber
        </th>
      </tr>
    </thead>
    <tbody
      className="MuiTableBody-root"
      role={null}
    />
  </table>
</div>
`;
